#
# <meta:header>
#   <meta:licence>
#     Copyright (c) 2014, ROE (http://www.roe.ac.uk/)
#
#     This information is free software: you can redistribute it and/or modify
#     it under the terms of the GNU General Public License as published by
#     the Free Software Foundation, either version 3 of the License, or
#     (at your option) any later version.
#
#     This information is distributed in the hope that it will be useful,
#     but WITHOUT ANY WARRANTY; without even the implied warranty of
#     MERCHANTABILITY or FITNESS FOR A PARTICULAR PURPOSE.  See the
#     GNU General Public License for more details.
#  
#     You should have received a copy of the GNU General Public License
#     along with this program.  If not, see <http://www.gnu.org/licenses/>.
#   </meta:licence>
# </meta:header>
#
#

## Testing 2.1.8 with integration json test


mysql> SELECT COUNT(*) FROM queries where test_passed<1 AND queryrunid LIKE '%-pnuSHiHTq-D7VH0EW4NLQ%'
    -> ;
+----------+
| COUNT(*) |
+----------+
|       65 |
+----------+
1 row in set (0.01 sec)

mysql> SELECT COUNT(*) FROM queries where test_passed<=0 AND queryrunid LIKE '%-pnuSHiHTq-D7VH0EW4NLQ%'
    -> ;
+----------+
| COUNT(*) |
+----------+
|       65 |
+----------+
1 row in set (0.00 sec)

mysql> SELECT query, firethorn_error_message FROM queries where test_passed<=0 AND queryrunid LIKE '%-pnuSHiHTq-D7VH0EW4NLQ%'
    -> ;
+---------------------------------------------------------------------------------------------------------------------------------------------------------------------------------------------------------------------------------------------------------------------------------------------------------------------------------------------------------------------------------------------------------------------------------------------------------------------------------------------------------------------------------------------------------------------------------------------------------------------------------------------------------------------------------------------------------------------------------------------------+--------------------------------------------------------------------------------------------------------------------+
| query                                                                                                                                                                                                                                                                                                                                                                                                                                                                                                                                                                                                                                                                                                                                             | firethorn_error_message                                                                                            |
+---------------------------------------------------------------------------------------------------------------------------------------------------------------------------------------------------------------------------------------------------------------------------------------------------------------------------------------------------------------------------------------------------------------------------------------------------------------------------------------------------------------------------------------------------------------------------------------------------------------------------------------------------------------------------------------------------------------------------------------------------+--------------------------------------------------------------------------------------------------------------------+
| select m.multiframeid,sum(tablerows) from Multiframe as m, MultiframeDetector as mfd where m.multiframeID=mfd.multiframeID and project like 'atlas' and frameType like 'stack' group by m.multiframeid order by sum(tableRows) desc  /*select  * from atlasDetection  where multiframeID=158148 and ra>0*/                                                                                                                                                                                                                                                                                                                                                                                                                                        | Query error: PARSE_ERROR -  Encountered "sum". Was expecting one of: "\"" <REGULAR_IDENTIFIER> <UNSIGNED_INTEGER>  |
| select   s.ra as raDeg,s.dec as decDeg,gAperMag3,rAperMag3,x,y,s.framesetid from atlasSource as s, atlasMergeLog as l, atlasDetection as d where  l.frameSetID=s.frameSetID and gmfid >0 and rmfid >0 and ( (gapermag3 between 0 and 22 and rapermag3 <0 and gSeqNum=d.seqNum and geNum=d.extnum and gmfid=d.multiframeID) /* (rapermag3 between 0 and 22 and gapermag3 <0 and rSeqNum=d.seqNum and reNum=d.extnum and rmfid=d.multiframeID)*/ )                                                                                                                                                                                                                                                                                                  | Query error: A problem occurred while running your query                                                           |
| SELECT     neighbours.distanceMins FROM     atlassourcexDR8photoobj AS neighbours,     (     SELECT TOP 10         sourceId AS ident     FROM         atlasSource     ) AS sources WHERE     neighbours.masterObjID - sources.ident < 1000000                                                                                                                                                                                                                                                                                                                                                                                                                                                                                                     |                                                                                                                    |
| SELECT     neighbours.distanceMins FROM     atlassourcexDR8photoobj AS neighbours,     (     SELECT TOP 1000         sourceId AS ident     FROM         atlasSource     ) AS sources WHERE     neighbours.masterObjID = sources.ident                                                                                                                                                                                                                                                                                                                                                                                                                                                                                                             |                                                                                                                    |
| select   count(*) from atlasSource as s, atlasMergeLog as l where (priOrSec=0 or priorsec=s.framesetid) and l.frameSetID=s.frameSetID and gmfid >0 and rmfid >0 and rapermag3 between 0 and 22 and gapermag3 >0                                                                                                                                                                                                                                                                                                                                                                                                                                                                                                                                   | Query error: A problem occurred while running your query                                                           |
| SELECT COUNT(sourceID)  FROM atlasSource WHERE (ra >= 12.9 and ra < 21.1) AND (dec >= -39.3 and dec <= -22.7) AND (mergedClass = -1)                                                                                                                                                                                                                                                                                                                                                                                                                                                                                                                                                                                                              |                                                                                                                    |
| SELECT COUNT(sourceID)  FROM atlasSource WHERE (ra >= 13.4 and ra < 22.6) AND (dec >= -39.3 and dec <= -22.7) AND (mergedClass = -1)                                                                                                                                                                                                                                                                                                                                                                                                                                                                                                                                                                                                              | Query error: A problem occurred while running your query                                                           |
| SELECT COUNT(sourceID)  FROM atlasSource WHERE (ra >= 22.6 and ra <= 31.8) AND (dec >= -39.3 and dec <= -22.7) AND (mergedClass = -1)                                                                                                                                                                                                                                                                                                                                                                                                                                                                                                                                                                                                             | Query error: A problem occurred while running your query                                                           |
| SELECT COUNT(sourceID)  FROM atlasSource WHERE (ra >= 4.2 and ra < 12.4) AND (dec >= -39.3 and dec <= -22.7) AND (mergedClass = -1)                                                                                                                                                                                                                                                                                                                                                                                                                                                                                                                                                                                                               | Query error: A problem occurred while running your query                                                           |
| SELECT COUNT(sourceID)  FROM atlasSource WHERE (ra >= 4.2 and ra < 13.4) AND (dec >= -39.3 and dec < -33.8) AND (mergedClass = -1)                                                                                                                                                                                                                                                                                                                                                                                                                                                                                                                                                                                                                | Query error: A problem occurred while running your query                                                           |
| SELECT COUNT(sourceID)  FROM atlasSource WHERE (ra >= 4.2 and ra <= 31.8) AND (dec >= -28.3 and dec <= -22.7) AND (mergedClass = -1)                                                                                                                                                                                                                                                                                                                                                                                                                                                                                                                                                                                                              | Query error: A problem occurred while running your query                                                           |
| SELECT COUNT(sourceID)  FROM atlasSource WHERE (ra >= 4.2 and ra <= 31.8) AND (dec >= -29.0 and dec <= -22.7) AND (mergedClass = -1)  AND  ((uAperMag3 > 0. and gAperMag3 > 0. and rAperMag3 > 0.) OR (uAperMag3 > 0. and gAperMag3 > 0. and iAperMag3 > 0.) OR  (uAperMag3 > 0. and gAperMag3 > 0. and zAperMag3 > 0.) OR (uAperMag3 > 0. and rAperMag3 > 0. and iAperMag3 > 0.) OR  (uAperMag3 > 0. and rAperMag3 > 0. and zAperMag3 > 0.) OR (uAperMag3 > 0. and iAperMag3 > 0. and zAperMag3 > 0.) OR  (gAperMag3 > 0. and rAperMag3 > 0. and iAperMag3 > 0.) OR (gAperMag3 > 0. and rAperMag3 > 0. and zAperMag3 > 0.) OR  (gAperMag3 > 0. and iAperMag3 > 0. and zAperMag3 > 0.) OR (rAperMag3 > 0. and iAperMag3 > 0. and zAperMag3 > 0.)) | Query error: A problem occurred while running your query                                                           |
| SELECT COUNT(sourceID)  FROM atlasSource WHERE (ra >= 4.2 and ra <= 31.8) AND (dec >= -29.1 and dec <= -22.7) AND (mergedClass = -1)                                                                                                                                                                                                                                                                                                                                                                                                                                                                                                                                                                                                              | Query error: A problem occurred while running your query                                                           |
| SELECT COUNT(sourceID)  FROM atlasSource WHERE (ra >= 4.2 and ra <= 31.8) AND (dec >= -29.1 and dec <= -22.7) AND (mergedClass = -1)  AND  ((uAperMag3 > 0. and gAperMag3 > 0. and rAperMag3 > 0.) OR (uAperMag3 > 0. and gAperMag3 > 0. and iAperMag3 > 0.) OR  (uAperMag3 > 0. and gAperMag3 > 0. and zAperMag3 > 0.) OR (uAperMag3 > 0. and rAperMag3 > 0. and iAperMag3 > 0.) OR  (uAperMag3 > 0. and rAperMag3 > 0. and zAperMag3 > 0.) OR (uAperMag3 > 0. and iAperMag3 > 0. and zAperMag3 > 0.) OR  (gAperMag3 > 0. and rAperMag3 > 0. and iAperMag3 > 0.) OR (gAperMag3 > 0. and rAperMag3 > 0. and zAperMag3 > 0.) OR  (gAperMag3 > 0. and iAperMag3 > 0. and zAperMag3 > 0.) OR (rAperMag3 > 0. and iAperMag3 > 0. and zAperMag3 > 0.)) | Query error: A problem occurred while running your query                                                           |
| SELECT COUNT(sourceID)  FROM atlasSource WHERE (ra >= 4.2 and ra <= 31.8) AND (dec >= -29.6 and dec <= -22.7) AND (mergedClass = -1)  AND  ((uAperMag3 > 0. and gAperMag3 > 0. and rAperMag3 > 0.) OR (uAperMag3 > 0. and gAperMag3 > 0. and iAperMag3 > 0.) OR  (uAperMag3 > 0. and gAperMag3 > 0. and zAperMag3 > 0.) OR (uAperMag3 > 0. and rAperMag3 > 0. and iAperMag3 > 0.) OR  (uAperMag3 > 0. and rAperMag3 > 0. and zAperMag3 > 0.) OR (uAperMag3 > 0. and iAperMag3 > 0. and zAperMag3 > 0.) OR  (gAperMag3 > 0. and rAperMag3 > 0. and iAperMag3 > 0.) OR (gAperMag3 > 0. and rAperMag3 > 0. and zAperMag3 > 0.) OR  (gAperMag3 > 0. and iAperMag3 > 0. and zAperMag3 > 0.) OR (rAperMag3 > 0. and iAperMag3 > 0. and zAperMag3 > 0.)) | Query error: A problem occurred while running your query                                                           |
| SELECT COUNT(sourceID)  FROM atlasSource WHERE (ra >= 4.2 and ra <= 31.8) AND (dec >= -33.4 and dec < -26.4) AND (mergedClass = -1)                                                                                                                                                                                                                                                                                                                                                                                                                                                                                                                                                                                                               |                                                                                                                    |
| SELECT COUNT(sourceID)  FROM atlasSource WHERE (ra >= 4.2 and ra <= 31.8) AND (dec >= -33.4 and dec < -29.0) AND (mergedClass = -1)                                                                                                                                                                                                                                                                                                                                                                                                                                                                                                                                                                                                               | Query error: A problem occurred while running your query                                                           |
| SELECT COUNT(sourceID)  FROM atlasSource WHERE (ra >= 4.2 and ra <= 31.8) AND (dec >= -33.4 and dec < -29.1) AND (mergedClass = -1)                                                                                                                                                                                                                                                                                                                                                                                                                                                                                                                                                                                                               | Query error: A problem occurred while running your query                                                           |
| SELECT COUNT(sourceID)  FROM atlasSource WHERE (ra >= 4.2 and ra <= 31.8) AND (dec >= -39.3 and dec < -29.0) AND (mergedClass = -1)  AND  ((uAperMag3 > 0. and gAperMag3 > 0. and rAperMag3 > 0.) OR (uAperMag3 > 0. and gAperMag3 > 0. and iAperMag3 > 0.) OR  (uAperMag3 > 0. and gAperMag3 > 0. and zAperMag3 > 0.) OR (uAperMag3 > 0. and rAperMag3 > 0. and iAperMag3 > 0.) OR  (uAperMag3 > 0. and rAperMag3 > 0. and zAperMag3 > 0.) OR (uAperMag3 > 0. and iAperMag3 > 0. and zAperMag3 > 0.) OR  (gAperMag3 > 0. and rAperMag3 > 0. and iAperMag3 > 0.) OR (gAperMag3 > 0. and rAperMag3 > 0. and zAperMag3 > 0.) OR  (gAperMag3 > 0. and iAperMag3 > 0. and zAperMag3 > 0.) OR (rAperMag3 > 0. and iAperMag3 > 0. and zAperMag3 > 0.))  | Query error: A problem occurred while running your query                                                           |
| SELECT COUNT(sourceID)  FROM atlasSource WHERE (ra >= 4.2 and ra <= 31.8) AND (dec >= -39.3 and dec < -29.7) AND (mergedClass = -1)  AND  ((uAperMag3 > 0. and gAperMag3 > 0. and rAperMag3 > 0.) OR (uAperMag3 > 0. and gAperMag3 > 0. and iAperMag3 > 0.) OR  (uAperMag3 > 0. and gAperMag3 > 0. and zAperMag3 > 0.) OR (uAperMag3 > 0. and rAperMag3 > 0. and iAperMag3 > 0.) OR  (uAperMag3 > 0. and rAperMag3 > 0. and zAperMag3 > 0.) OR (uAperMag3 > 0. and iAperMag3 > 0. and zAperMag3 > 0.) OR  (gAperMag3 > 0. and rAperMag3 > 0. and iAperMag3 > 0.) OR (gAperMag3 > 0. and rAperMag3 > 0. and zAperMag3 > 0.) OR  (gAperMag3 > 0. and iAperMag3 > 0. and zAperMag3 > 0.) OR (rAperMag3 > 0. and iAperMag3 > 0. and zAperMag3 > 0.))  | Query error: A problem occurred while running your query                                                           |
| SELECT COUNT(sourceID)  FROM atlasSource WHERE (ra >= 4.2 and ra <= 31.8) AND (dec >= -39.3 and dec < -30.25) AND (mergedClass = -1)  AND  ((uAperMag3 > 0. and gAperMag3 > 0. and rAperMag3 > 0.) OR (uAperMag3 > 0. and gAperMag3 > 0. and iAperMag3 > 0.) OR  (uAperMag3 > 0. and gAperMag3 > 0. and zAperMag3 > 0.) OR (uAperMag3 > 0. and rAperMag3 > 0. and iAperMag3 > 0.) OR  (uAperMag3 > 0. and rAperMag3 > 0. and zAperMag3 > 0.) OR (uAperMag3 > 0. and iAperMag3 > 0. and zAperMag3 > 0.) OR  (gAperMag3 > 0. and rAperMag3 > 0. and iAperMag3 > 0.) OR (gAperMag3 > 0. and rAperMag3 > 0. and zAperMag3 > 0.) OR  (gAperMag3 > 0. and iAperMag3 > 0. and zAperMag3 > 0.) OR (rAperMag3 > 0. and iAperMag3 > 0. and zAperMag3 > 0.)) | Query error: A problem occurred while running your query                                                           |
| SELECT COUNT(sourceID)  FROM atlasSource WHERE (ra >= 4.2 and ra <= 31.8) AND (dec >= -39.3 and dec < -30.31) AND (mergedClass = -1)  AND  ((uAperMag3 > 0. and gAperMag3 > 0. and rAperMag3 > 0.) OR (uAperMag3 > 0. and gAperMag3 > 0. and iAperMag3 > 0.) OR  (uAperMag3 > 0. and gAperMag3 > 0. and zAperMag3 > 0.) OR (uAperMag3 > 0. and rAperMag3 > 0. and iAperMag3 > 0.) OR  (uAperMag3 > 0. and rAperMag3 > 0. and zAperMag3 > 0.) OR (uAperMag3 > 0. and iAperMag3 > 0. and zAperMag3 > 0.) OR  (gAperMag3 > 0. and rAperMag3 > 0. and iAperMag3 > 0.) OR (gAperMag3 > 0. and rAperMag3 > 0. and zAperMag3 > 0.) OR  (gAperMag3 > 0. and iAperMag3 > 0. and zAperMag3 > 0.) OR (rAperMag3 > 0. and iAperMag3 > 0. and zAperMag3 > 0.)) | Query error: A problem occurred while running your query                                                           |
| SELECT COUNT(sourceID)  FROM atlasSource WHERE (ra >= 4.2 and ra <= 31.8) AND (dec >= -39.3 and dec < -32.5) AND (mergedClass = -1)  AND  ((uAperMag3 > 0. and gAperMag3 > 0. and rAperMag3 > 0.) OR (uAperMag3 > 0. and gAperMag3 > 0. and iAperMag3 > 0.) OR  (uAperMag3 > 0. and gAperMag3 > 0. and zAperMag3 > 0.) OR (uAperMag3 > 0. and rAperMag3 > 0. and iAperMag3 > 0.) OR  (uAperMag3 > 0. and rAperMag3 > 0. and zAperMag3 > 0.) OR (uAperMag3 > 0. and iAperMag3 > 0. and zAperMag3 > 0.) OR  (gAperMag3 > 0. and rAperMag3 > 0. and iAperMag3 > 0.) OR (gAperMag3 > 0. and rAperMag3 > 0. and zAperMag3 > 0.) OR  (gAperMag3 > 0. and iAperMag3 > 0. and zAperMag3 > 0.) OR (rAperMag3 > 0. and iAperMag3 > 0. and zAperMag3 > 0.))  | Query error: A problem occurred while running your query                                                           |
| SELECT COUNT(sourceID)  FROM atlasSource WHERE (ra >= 4.2 and ra <= 31.8) AND (dec >= -39.3 and dec < -33.4) AND (mergedClass = -1)                                                                                                                                                                                                                                                                                                                                                                                                                                                                                                                                                                                                               | Query error: A problem occurred while running your query                                                           |
| SELECT COUNT(sourceID)  FROM atlasSource WHERE (ra >= 4.2 and ra <= 31.8) AND (dec >= -39.3 and dec < -33.4) AND (mergedClass = -1)  AND  ((uAperMag3 > 0. and gAperMag3 > 0. and rAperMag3 > 0.) OR (uAperMag3 > 0. and gAperMag3 > 0. and iAperMag3 > 0.) OR  (uAperMag3 > 0. and gAperMag3 > 0. and zAperMag3 > 0.) OR (uAperMag3 > 0. and rAperMag3 > 0. and iAperMag3 > 0.) OR  (uAperMag3 > 0. and rAperMag3 > 0. and zAperMag3 > 0.) OR (uAperMag3 > 0. and iAperMag3 > 0. and zAperMag3 > 0.) OR  (gAperMag3 > 0. and rAperMag3 > 0. and iAperMag3 > 0.) OR (gAperMag3 > 0. and rAperMag3 > 0. and zAperMag3 > 0.) OR  (gAperMag3 > 0. and iAperMag3 > 0. and zAperMag3 > 0.) OR (rAperMag3 > 0. and iAperMag3 > 0. and zAperMag3 > 0.))  |                                                                                                                    |
| SELECT COUNT(sourceID)  FROM atlasSource WHERE (ra >= 4.2 and ra <= 31.8) AND (dec >= -39.3 and dec < -33.4) AND (mergedClass = -1) and (uAperMag3 != -9.999995E008)                                                                                                                                                                                                                                                                                                                                                                                                                                                                                                                                                                              | Query error: A problem occurred while running your query                                                           |
| SELECT COUNT(sourceID)  FROM atlasSource WHERE (ra >= 4.2 and ra <= 31.8) AND (dec >= -39.3 and dec < -33.5) AND (mergedClass = -1)                                                                                                                                                                                                                                                                                                                                                                                                                                                                                                                                                                                                               | Query error: A problem occurred while running your query                                                           |
| SELECT COUNT(sourceID) FROM atlasSource WHERE (ra >= 4.2 and ra <= 31.8) AND (dec >= -39.3 and dec < -33.4) AND (mergedClass = -1) and (uAperMag3 < 0)                                                                                                                                                                                                                                                                                                                                                                                                                                                                                                                                                                                            | Query error: A problem occurred while running your query                                                           |
| Select DistanceMins   From atlassourcexDR8photoobj as CrossMatch, (Select s.sourceid as id From atlassource as s  Where ra > 0 AND ra < 13.94  AND dec > -12.0 AND dec < -8.5  AND mergedclass = 1  group by s.sourceid) AS T  Where DistanceMins < 2/60.0  AND sdsstype = 3  AND sdssPrimary = 1 AND T.id = CrossMatch.masterObjID                                                                                                                                                                                                                                                                                                                                                                                                               | Query error: A problem occurred while running your query                                                           |
| Select DistanceMins   From atlassourcexDR8photoobj as CrossMatch, (Select s.sourceid as id From atlassource as s  Where ra > 0 AND ra < 13.94  AND dec > -12.0 AND dec < -8.5  AND mergedclass = 1  group by s.sourceid) AS T  Where DistanceMins < 2/60.0  AND sdsstype = 3  AND T.id = CrossMatch.masterObjID                                                                                                                                                                                                                                                                                                                                                                                                                                   | Query error: A problem occurred while running your query                                                           |
| Select DistanceMins   From atlassourcexDR8photoobj as CrossMatch, (Select s.sourceid as id From atlassource as s  Where ra > 0 AND ra < 13.94  AND dec > -12.0 AND dec < -8.5  AND mergedclass = 1  group by s.sourceid) AS T  Where DistanceMins < 2/60.0  AND sdsstype = 3 AND sdssPrimary = 1 AND T.id = CrossMatch.masterObjID                                                                                                                                                                                                                                                                                                                                                                                                                | Query error: A problem occurred while running your query                                                           |
| Select DistanceMins   From atlassourcexDR8photoobj as CrossMatch, (Select s.sourceid as id From atlassource as s  Where ra > 0 AND ra < 13.94  AND dec > -12.0 AND dec < -8.5 AND Upetromag > 0 AND Gpetromag > 0 and rpetromag > 0 and ipetromag > 0 and zpetromag > 0  AND mergedclass = 1  group by s.sourceid) AS T  Where DistanceMins < 2/60.0  AND sdsstype = 3 AND sdssPrimary = 1 AND T.id = CrossMatch.masterObjID                                                                                                                                                                                                                                                                                                                      | Query error: A problem occurred while running your query                                                           |
| Select DistanceMins   From atlassourcexDR8photoobj as CrossMatch, (Select s.sourceid as id From atlassource as s  Where ra > 0 AND ra < 15  AND dec > -14.5 AND dec < -8.0 AND Upetromag > 0 AND Gpetromag > 0 and rpetromag > 0 and ipetromag > 0 and zpetromag > 0  AND mergedclass = 1  group by s.sourceid) AS T  Where DistanceMins < 2/60.0  AND sdsstype = 3 AND sdssPrimary = 1 AND T.id = CrossMatch.masterObjID                                                                                                                                                                                                                                                                                                                         | Query error: A problem occurred while running your query                                                           |
| Select DistanceMins   From atlassourcexDR8photoobj as CrossMatch, (Select s.sourceid as id From atlassource as s  Where ra > 0 AND ra < 52.5  AND dec > -14.5 AND dec < -8.0  AND Gpetromag > 0 and rpetromag > 0 and ipetromag > 0 and zpetromag > 0  AND mergedclass = 1  group by s.sourceid) AS T  Where DistanceMins < 2/60.0  AND sdsstype = 3 AND sdssPrimary = 1 AND T.id = CrossMatch.masterObjID                                                                                                                                                                                                                                                                                                                                        | Query error: A problem occurred while running your query                                                           |
| Select DistanceMins   From atlassourcexDR8photoobj as CrossMatch, (Select s.sourceid as id From atlassource as s  Where ra > 0 AND ra < 52.5  AND dec > -14.5 AND dec < -8.0 AND Upetromag > 0 AND Gpetromag > 0 and rpetromag > 0 and ipetromag > 0 and zpetromag > 0  AND mergedclass = 1  group by s.sourceid) AS T  Where DistanceMins < 2/60.0  AND sdsstype = 3 AND sdssPrimary = 1 AND T.id = CrossMatch.masterObjID                                                                                                                                                                                                                                                                                                                       | Query error: A problem occurred while running your query                                                           |
| Select DistanceMins   From atlassourcexDR8photoobj as CrossMatch, (Select s.sourceid as id From atlassource as s  Where ra > 350.75 AND ra < 360.0  AND dec > -12.0 AND dec < -8.5 AND Upetromag > 0 AND Gpetromag > 0 and rpetromag > 0 and ipetromag > 0 and zpetromag > 0  AND mergedclass = 1  group by s.sourceid) AS T  Where DistanceMins < 2/60.0  AND sdsstype = 3 AND sdssPrimary = 1 AND T.id = CrossMatch.masterObjID                                                                                                                                                                                                                                                                                                                 | Query error: A problem occurred while running your query                                                           |
| Select DistanceMins   From atlassourcexDR8photoobj as CrossMatch, (Select s.sourceid as id From atlassource as s  Where ra > 350.75 AND ra < 360.0  AND dec > -14.5 AND dec < -8.0 AND Upetromag > 0 AND Gpetromag > 0 and rpetromag > 0 and ipetromag > 0 and zpetromag > 0  AND mergedclass = 1  group by s.sourceid) AS T  Where DistanceMins < 2/60.0  AND sdsstype = 3 AND sdssPrimary = 1 AND T.id = CrossMatch.masterObjID                                                                                                                                                                                                                                                                                                                 | Query error: A problem occurred while running your query                                                           |
| Select DistanceMins   From atlassourcexDR8photoobj as CrossMatch, (Select s.sourceid as id From atlassource as s  Where ra > 353.75 AND ra < 360.0  AND dec > -12.0 AND dec < -8.5 AND Upetromag > 0 AND Gpetromag > 0 and rpetromag > 0 and ipetromag > 0 and zpetromag > 0  AND mergedclass = 1  group by s.sourceid) AS T  Where DistanceMins < 2/60.0  AND sdsstype = 3 AND sdssPrimary = 1 AND T.id = CrossMatch.masterObjID                                                                                                                                                                                                                                                                                                                 | Query error: A problem occurred while running your query                                                           |
| Select DistanceMins   From atlassourcexDR8photoobj as CrossMatch, (Select s.sourceid as id From atlassource as s  Where ra > 355.25 AND ra < 360.0  AND dec > -12.0 AND dec < -8.5  AND mergedclass = 1  group by s.sourceid) AS T  Where DistanceMins < 2/60.0  AND sdsstype = 3  AND sdssPrimary = 1 AND T.id = CrossMatch.masterObjID                                                                                                                                                                                                                                                                                                                                                                                                          | Query error: A problem occurred while running your query                                                           |
| Select DistanceMins   From atlassourcexDR8photoobj as CrossMatch, (Select s.sourceid as id From atlassource as s  Where ra > 355.25 AND ra < 360.0  AND dec > -12.0 AND dec < -8.5 AND Upetromag > 0 AND Gpetromag > 0 and rpetromag > 0 and ipetromag > 0 and zpetromag > 0  AND mergedclass = 1  group by s.sourceid) AS T  Where DistanceMins < 2/60.0  AND sdsstype = 3 AND sdssPrimary = 1 AND T.id = CrossMatch.masterObjID                                                                                                                                                                                                                                                                                                                 | Query error: A problem occurred while running your query                                                           |
| Select DistanceMins   From atlassourcexDR8photoobj as CrossMatch, (Select s.sourceid as id From atlassource as s  Where Upetromag > 0 AND Gpetromag > 0 and rpetromag > 0 and ipetromag > 0 and zpetromag > 0  AND mergedclass = 1  group by s.sourceid) AS T  Where DistanceMins < 2/60.0  AND sdsstype = 3 AND sdssPrimary = 1 AND T.id = CrossMatch.masterObjID                                                                                                                                                                                                                                                                                                                                                                                | Query error: A problem occurred while running your query                                                           |
| select distinct ppErrBits from atlasDetection                                                                                                                                                                                                                                                                                                                                                                                                                                                                                                                                                                                                                                                                                                     |                                                                                                                    |
| SELECT DISTINCT programmeID FROM ProgrammeFrame                                                                                                                                                                                                                                                                                                                                                                                                                                                                                                                                                                                                                                                                                                   | Query error: A problem occurred while running your query                                                           |
| select s.sourceID,s.rPetroMag,s.rHlCorSMjRadAs,d.hlCircRadAs,d.hlSMjRadAs,rClass,mergedClass from atlasSource as s,atlasMergeLog as l,atlasDetection as d where s.frameSetiD=l.frameSetID and l.rmfID=d.multiframeID and l.reNum=d.extNum and s.rseqNum=d.seqNum and s.rppErrBits=0 and d.hlCircRadAs>3.0 and s.rPetroMag<20. and s.rPetroMag>0.                                                                                                                                                                                                                                                                                                                                                                                                  |                                                                                                                    |
| Select T.gpetromag From atlassourcexDR8photoobj as CrossMatch, (Select s.sourceid as id, s.gpetromag as gpetromag From atlassource as s  Where ra > 0 AND ra < 15.00  AND dec > -14.5 AND dec < -8.0 AND Gpetromag > 0   AND mergedclass = 1) AS T  Where DistanceMins < 2/60.0  AND sdsstype = 3 AND sdssPrimary = 1 AND T.id = CrossMatch.masterObjID                                                                                                                                                                                                                                                                                                                                                                                           |                                                                                                                    |
| Select T.gpetromag From atlassourcexDR8photoobj as CrossMatch, (Select s.sourceid as id, s.gpetromag as gpetromag From atlassource as s  Where ra > 350 AND ra < 360  AND dec > -14.5 AND dec < -8.0 AND Gpetromag > 0   AND mergedclass = 1) AS T  Where DistanceMins < 2/60.0  AND sdsstype = 3 AND sdssPrimary = 1 AND T.id = CrossMatch.masterObjID                                                                                                                                                                                                                                                                                                                                                                                           | Query error: A problem occurred while running your query                                                           |
| Select T.ipetromag From atlassourcexDR8photoobj as CrossMatch, (Select s.sourceid as id, s.ipetromag as ipetromag From atlassource as s  Where ra > 0 AND ra < 15.00  AND dec > -14.5 AND dec < -8.0 AND Ipetromag > 0   AND mergedclass = 1) AS T  Where DistanceMins < 2/60.0  AND sdsstype = 3 AND sdssPrimary = 1 AND T.id = CrossMatch.masterObjID                                                                                                                                                                                                                                                                                                                                                                                           | Query error: A problem occurred while running your query                                                           |
| Select T.ipetromag From atlassourcexDR8photoobj as CrossMatch, (Select s.sourceid as id, s.ipetromag as ipetromag From atlassource as s  Where ra > 350.0 AND ra < 360.00  AND dec > -14.5 AND dec < -8.0 AND Ipetromag > 0   AND mergedclass = 1) AS T  Where DistanceMins < 2/60.0  AND sdsstype = 3 AND sdssPrimary = 1 AND T.id = CrossMatch.masterObjID                                                                                                                                                                                                                                                                                                                                                                                      | Query error: A problem occurred while running your query                                                           |
| Select T.rpetromag From atlassourcexDR8photoobj as CrossMatch, (Select s.sourceid as id, s.rpetromag as rpetromag From atlassource as s  Where ra > 0 AND ra < 15.00  AND dec > -14.5 AND dec < -8.0 AND Rpetromag > 0   AND mergedclass = 1) AS T  Where DistanceMins < 2/60.0  AND sdsstype = 3 AND sdssPrimary = 1 AND T.id = CrossMatch.masterObjID                                                                                                                                                                                                                                                                                                                                                                                           | Query error: A problem occurred while running your query                                                           |
| Select T.rpetromag From atlassourcexDR8photoobj as CrossMatch, (Select s.sourceid as id, s.rpetromag as rpetromag From atlassource as s  Where ra > 350 AND ra < 360.00  AND dec > -14.5 AND dec < -8.0 AND Rpetromag > 0   AND mergedclass = 1) AS T  Where DistanceMins < 2/60.0  AND sdsstype = 3 AND sdssPrimary = 1 AND T.id = CrossMatch.masterObjID                                                                                                                                                                                                                                                                                                                                                                                        | Query error: A problem occurred while running your query                                                           |
| Select T.upetromag From atlassourcexDR8photoobj as CrossMatch, (Select s.sourceid as id, s.upetromag as upetromag From atlassource as s  Where ra > 0 AND ra < 15.00  AND dec > -14.5 AND dec < -8.0 AND Upetromag > 0   AND mergedclass = 1) AS T  Where DistanceMins < 2/60.0  AND sdsstype = 3 AND sdssPrimary = 1 AND T.id = CrossMatch.masterObjID                                                                                                                                                                                                                                                                                                                                                                                           | Query error: A problem occurred while running your query                                                           |
| Select T.upetromag From atlassourcexDR8photoobj as CrossMatch, (Select s.sourceid as id, s.upetromag as upetromag From atlassource as s  Where ra between 350 AND 360  AND dec > -14.5 AND dec < -8.0 AND Upetromag > 0   AND mergedclass = 1) AS T  Where DistanceMins < 2/60.0  AND sdsstype = 3 AND sdssPrimary = 1 AND T.id = CrossMatch.masterObjID                                                                                                                                                                                                                                                                                                                                                                                          | Query error: A problem occurred while running your query                                                           |
| Select T.zpetromag From atlassourcexDR8photoobj as CrossMatch, (Select s.sourceid as id, s.zpetromag as zpetromag From atlassource as s  Where ra > 0 AND ra < 15.00  AND dec > -14.5 AND dec < -8.0 AND zpetromag > 0   AND mergedclass = 1) AS T  Where DistanceMins < 2/60.0  AND sdsstype = 3 AND sdssPrimary = 1 AND T.id = CrossMatch.masterObjID                                                                                                                                                                                                                                                                                                                                                                                           | Query error: A problem occurred while running your query                                                           |
| Select T.zpetromag From atlassourcexDR8photoobj as CrossMatch, (Select s.sourceid as id, s.zpetromag as zpetromag From atlassource as s  Where ra > 350 AND ra < 360.00  AND dec > -14.5 AND dec < -8.0 AND zpetromag > 0   AND mergedclass = 1) AS T  Where DistanceMins < 2/60.0  AND sdsstype = 3 AND sdssPrimary = 1 AND T.id = CrossMatch.masterObjID                                                                                                                                                                                                                                                                                                                                                                                        | Query error: A problem occurred while running your query                                                           |
| select top 10 ra,dec from atlassource where uapermag3>0 and gapermag3 > 0 and Rapermag3 >0 and iapermag3 > 0 and zapermag3 >0                                                                                                                                                                                                                                                                                                                                                                                                                                                                                                                                                                                                                     |                                                                                                                    |
| select top 100 ra,dec,gpetromag,rpetromag,ipetromag,zpetromag,gapermag4,rapermag4,iapermag4,zapermag4,mergedclass from atlasSource where rpetromag>0 and rpetromag<22 and ra>150 and ra<180 and dec>-7                                                                                                                                                                                                                                                                                                                                                                                                                                                                                                                                            |                                                                                                                    |
| select top 100 ra,dec,gpetromag,rpetromag,ipetromag,zpetromag,gapermag4,rapermag4,mergedclass from atlasSource where rpetromag>0 and rpetromag<22 and ra>150 and ra<180 and dec>-7                                                                                                                                                                                                                                                                                                                                                                                                                                                                                                                                                                |                                                                                                                    |
| select top 100 ra,dec,gpetromag,rpetromag,ipetromag,zpetromag,mergedclass from atlasSource where rpetromag>0 and rpetromag<22 and ra>150 and ra<180 and dec>-7                                                                                                                                                                                                                                                                                                                                                                                                                                                                                                                                                                                    |                                                                                                                    |
| select top 1000 mergedClass,ra,dec,gmrPnt,gaperMag3,gaperMag3Err from atlasSource where gAperMag3>13. and gAperMag3<18. and rAperMag3<19. and rAperMag3>0. and (priOrSec=0 or priOrSec=frameSetID) and mergedClass=1 and ebV<0.02                                                                                                                                                                                                                                                                                                                                                                                                                                                                                                                 | Query error: A problem occurred while running your query                                                           |
| select top 10000 umgPnt, umgPnterr from atlasSource where uAperMag3 >0 and gAperMag3 >0 and uclass=-1 and gclass=-1  /*SELECT max(ml.ra) as fra, max(ml.dec) as fdec,avg(umgPnt) from atlasSource as s , atlasMergeLog as ml where uppErrBits=0 and uClass=-1 and umgPntErr < 0.2 and umgPnt > -100 and ml.frameSetID=s.frameSetID  group by ml.frameSetID*/                                                                                                                                                                                                                                                                                                                                                                                      | Query error: A problem occurred while running your query                                                           |
| SELECT top 50 * FROM atlasSource WHERE (ra >= 4.2 and ra <= 31.8) AND (dec >= -39.3 and dec < -33.4) AND (mergedClass = -1) and (uAperMag3 > 0) Order by uAperMag3 DESC                                                                                                                                                                                                                                                                                                                                                                                                                                                                                                                                                                           |                                                                                                                    |
| select x,y from atlasDetection where ppErrBits & 0x00001000 != 0                                                                                                                                                                                                                                                                                                                                                                                                                                                                                                                                                                                                                                                                                  |                                                                                                                    |
| SELECT  10 as idnum,sourceid, ra as radeg, dec as deddeg,upetromag, gpetromag, rpetromag, ipetromag,zpetromag, upetromagerr, gpetromagerr, rpetromagerr, ipetromagerr,zpetromagerr,  au, ag, ar, ai, az,2*DEGREES(ASIN(sqrt(power(0.8647422814053703-cx,2)+power(0.007452492459388343-cy,2)+power(-0.502160579004344-cz,2))/2))*60 as dist  FROM ATLASsource WHERE dec > -30.843045999999998 and dec < -29.443045999999995 and ((RA >= 359.6784823062539 and RA <=360) or (RA >= 0 and RA <= 1.3090623137460977)) and ((cx * 0.8647422814053703 + cy * 0.007452492459388343 + cz * -0.502160579004344 ) >= 0.999925369660452)  and (priorsec=0 or priorsec=framesetid) and gpetromag >0 and rpetromag >0 and ipetromag>0 and zpetromag >0         |                                                                                                                    |
| SELECT  105 as idnum,sourceid, ra as radeg, dec as deddeg,upetromag, gpetromag, rpetromag, ipetromag,zpetromag, upetromagerr, gpetromagerr, rpetromagerr, ipetromagerr,zpetromagerr,  au, ag, ar, ai, az,2*DEGREES(ASIN(sqrt(power(0.7871490434748185-cx,2)+power(-0.5628412975529914-cy,2)+power(-0.2522024130049974-cz,2))/2))*60 as dist  FROM ATLASsource WHERE dec > -15.307878000000002 and dec < -13.907878000000002 and RA >= 323.7080539580093 and RA <= 325.1595460419908 and ((cx * 0.7871490434748185 + cy * -0.5628412975529914 + cz * -0.2522024130049974 ) >= 0.999925369660452)  and (priorsec=0 or priorsec=framesetid) and gpetromag >0 and rpetromag >0 and ipetromag>0 and zpetromag >0                                       | Query error: A problem occurred while running your query                                                           |
| SELECT  130 as idnum,sourceid, ra as radeg, dec as deddeg,upetromag, gpetromag, rpetromag, ipetromag,zpetromag, upetromagerr, gpetromagerr, rpetromagerr, ipetromagerr,zpetromagerr,  au, ag, ar, ai, az,2*DEGREES(ASIN(sqrt(power(0.5259167319522364-cx,2)+power(0.7329329105473387-cy,2)+power(-0.4315332428553869-cz,2))/2))*60 as dist  FROM ATLASsource WHERE dec > -26.264903000000004 and dec < -24.864903 and RA >= 53.558051533745335 and RA <= 55.11921246625465 and ((cx * 0.5259167319522364 + cy * 0.7329329105473387 + cz * -0.4315332428553869 ) >= 0.999925369660452)  and (priorsec=0 or priorsec=framesetid) and gpetromag >0 and rpetromag >0 and ipetromag>0 and zpetromag >0                                                 |                                                                                                                    |
+---------------------------------------------------------------------------------------------------------------------------------------------------------------------------------------------------------------------------------------------------------------------------------------------------------------------------------------------------------------------------------------------------------------------------------------------------------------------------------------------------------------------------------------------------------------------------------------------------------------------------------------------------------------------------------------------------------------------------------------------------+--------------------------------------------------------------------------------------------------------------------+
65 rows in set (0.00 sec)

mysql> SELECT SUBSTRING(query,1,132), firethorn_error_message FROM queries where test_passed<=0 AND queryrunid LIKE '%-pnuSHiHTq-D7VH0EW4NLQ%'
    -> ;
+--------------------------------------------------------------------------------------------------------------------------------------+--------------------------------------------------------------------------------------------------------------------+
| SUBSTRING(query,1,132)                                                                                                               | firethorn_error_message                                                                                            |
+--------------------------------------------------------------------------------------------------------------------------------------+--------------------------------------------------------------------------------------------------------------------+
| select m.multiframeid,sum(tablerows) from Multiframe as m, MultiframeDetector as mfd where m.multiframeID=mfd.multiframeID and proje | Query error: PARSE_ERROR -  Encountered "sum". Was expecting one of: "\"" <REGULAR_IDENTIFIER> <UNSIGNED_INTEGER>  |
| select   s.ra as raDeg,s.dec as decDeg,gAperMag3,rAperMag3,x,y,s.framesetid from atlasSource as s, atlasMergeLog as l, atlasDetectio | Query error: A problem occurred while running your query                                                           |
| SELECT     neighbours.distanceMins FROM     atlassourcexDR8photoobj AS neighbours,     (     SELECT TOP 10         sourceId AS ident |                                                                                                                    |
| SELECT     neighbours.distanceMins FROM     atlassourcexDR8photoobj AS neighbours,     (     SELECT TOP 1000         sourceId AS ide |                                                                                                                    |
| select   count(*) from atlasSource as s, atlasMergeLog as l where (priOrSec=0 or priorsec=s.framesetid) and l.frameSetID=s.frameSetI | Query error: A problem occurred while running your query                                                           |
| SELECT COUNT(sourceID)  FROM atlasSource WHERE (ra >= 12.9 and ra < 21.1) AND (dec >= -39.3 and dec <= -22.7) AND (mergedClass = -1) |                                                                                                                    |
| SELECT COUNT(sourceID)  FROM atlasSource WHERE (ra >= 13.4 and ra < 22.6) AND (dec >= -39.3 and dec <= -22.7) AND (mergedClass = -1) | Query error: A problem occurred while running your query                                                           |
| SELECT COUNT(sourceID)  FROM atlasSource WHERE (ra >= 22.6 and ra <= 31.8) AND (dec >= -39.3 and dec <= -22.7) AND (mergedClass = -1 | Query error: A problem occurred while running your query                                                           |
| SELECT COUNT(sourceID)  FROM atlasSource WHERE (ra >= 4.2 and ra < 12.4) AND (dec >= -39.3 and dec <= -22.7) AND (mergedClass = -1)  | Query error: A problem occurred while running your query                                                           |
| SELECT COUNT(sourceID)  FROM atlasSource WHERE (ra >= 4.2 and ra < 13.4) AND (dec >= -39.3 and dec < -33.8) AND (mergedClass = -1)   | Query error: A problem occurred while running your query                                                           |
| SELECT COUNT(sourceID)  FROM atlasSource WHERE (ra >= 4.2 and ra <= 31.8) AND (dec >= -28.3 and dec <= -22.7) AND (mergedClass = -1) | Query error: A problem occurred while running your query                                                           |
| SELECT COUNT(sourceID)  FROM atlasSource WHERE (ra >= 4.2 and ra <= 31.8) AND (dec >= -29.0 and dec <= -22.7) AND (mergedClass = -1) | Query error: A problem occurred while running your query                                                           |
| SELECT COUNT(sourceID)  FROM atlasSource WHERE (ra >= 4.2 and ra <= 31.8) AND (dec >= -29.1 and dec <= -22.7) AND (mergedClass = -1) | Query error: A problem occurred while running your query                                                           |
| SELECT COUNT(sourceID)  FROM atlasSource WHERE (ra >= 4.2 and ra <= 31.8) AND (dec >= -29.1 and dec <= -22.7) AND (mergedClass = -1) | Query error: A problem occurred while running your query                                                           |
| SELECT COUNT(sourceID)  FROM atlasSource WHERE (ra >= 4.2 and ra <= 31.8) AND (dec >= -29.6 and dec <= -22.7) AND (mergedClass = -1) | Query error: A problem occurred while running your query                                                           |
| SELECT COUNT(sourceID)  FROM atlasSource WHERE (ra >= 4.2 and ra <= 31.8) AND (dec >= -33.4 and dec < -26.4) AND (mergedClass = -1)  |                                                                                                                    |
| SELECT COUNT(sourceID)  FROM atlasSource WHERE (ra >= 4.2 and ra <= 31.8) AND (dec >= -33.4 and dec < -29.0) AND (mergedClass = -1)  | Query error: A problem occurred while running your query                                                           |
| SELECT COUNT(sourceID)  FROM atlasSource WHERE (ra >= 4.2 and ra <= 31.8) AND (dec >= -33.4 and dec < -29.1) AND (mergedClass = -1)  | Query error: A problem occurred while running your query                                                           |
| SELECT COUNT(sourceID)  FROM atlasSource WHERE (ra >= 4.2 and ra <= 31.8) AND (dec >= -39.3 and dec < -29.0) AND (mergedClass = -1)  | Query error: A problem occurred while running your query                                                           |
| SELECT COUNT(sourceID)  FROM atlasSource WHERE (ra >= 4.2 and ra <= 31.8) AND (dec >= -39.3 and dec < -29.7) AND (mergedClass = -1)  | Query error: A problem occurred while running your query                                                           |
| SELECT COUNT(sourceID)  FROM atlasSource WHERE (ra >= 4.2 and ra <= 31.8) AND (dec >= -39.3 and dec < -30.25) AND (mergedClass = -1) | Query error: A problem occurred while running your query                                                           |
| SELECT COUNT(sourceID)  FROM atlasSource WHERE (ra >= 4.2 and ra <= 31.8) AND (dec >= -39.3 and dec < -30.31) AND (mergedClass = -1) | Query error: A problem occurred while running your query                                                           |
| SELECT COUNT(sourceID)  FROM atlasSource WHERE (ra >= 4.2 and ra <= 31.8) AND (dec >= -39.3 and dec < -32.5) AND (mergedClass = -1)  | Query error: A problem occurred while running your query                                                           |
| SELECT COUNT(sourceID)  FROM atlasSource WHERE (ra >= 4.2 and ra <= 31.8) AND (dec >= -39.3 and dec < -33.4) AND (mergedClass = -1)  | Query error: A problem occurred while running your query                                                           |
| SELECT COUNT(sourceID)  FROM atlasSource WHERE (ra >= 4.2 and ra <= 31.8) AND (dec >= -39.3 and dec < -33.4) AND (mergedClass = -1)  |                                                                                                                    |
| SELECT COUNT(sourceID)  FROM atlasSource WHERE (ra >= 4.2 and ra <= 31.8) AND (dec >= -39.3 and dec < -33.4) AND (mergedClass = -1)  | Query error: A problem occurred while running your query                                                           |
| SELECT COUNT(sourceID)  FROM atlasSource WHERE (ra >= 4.2 and ra <= 31.8) AND (dec >= -39.3 and dec < -33.5) AND (mergedClass = -1)  | Query error: A problem occurred while running your query                                                           |
| SELECT COUNT(sourceID) FROM atlasSource WHERE (ra >= 4.2 and ra <= 31.8) AND (dec >= -39.3 and dec < -33.4) AND (mergedClass = -1) a | Query error: A problem occurred while running your query                                                           |
| Select DistanceMins   From atlassourcexDR8photoobj as CrossMatch, (Select s.sourceid as id From atlassource as s  Where ra > 0 AND r | Query error: A problem occurred while running your query                                                           |
| Select DistanceMins   From atlassourcexDR8photoobj as CrossMatch, (Select s.sourceid as id From atlassource as s  Where ra > 0 AND r | Query error: A problem occurred while running your query                                                           |
| Select DistanceMins   From atlassourcexDR8photoobj as CrossMatch, (Select s.sourceid as id From atlassource as s  Where ra > 0 AND r | Query error: A problem occurred while running your query                                                           |
| Select DistanceMins   From atlassourcexDR8photoobj as CrossMatch, (Select s.sourceid as id From atlassource as s  Where ra > 0 AND r | Query error: A problem occurred while running your query                                                           |
| Select DistanceMins   From atlassourcexDR8photoobj as CrossMatch, (Select s.sourceid as id From atlassource as s  Where ra > 0 AND r | Query error: A problem occurred while running your query                                                           |
| Select DistanceMins   From atlassourcexDR8photoobj as CrossMatch, (Select s.sourceid as id From atlassource as s  Where ra > 0 AND r | Query error: A problem occurred while running your query                                                           |
| Select DistanceMins   From atlassourcexDR8photoobj as CrossMatch, (Select s.sourceid as id From atlassource as s  Where ra > 0 AND r | Query error: A problem occurred while running your query                                                           |
| Select DistanceMins   From atlassourcexDR8photoobj as CrossMatch, (Select s.sourceid as id From atlassource as s  Where ra > 350.75  | Query error: A problem occurred while running your query                                                           |
| Select DistanceMins   From atlassourcexDR8photoobj as CrossMatch, (Select s.sourceid as id From atlassource as s  Where ra > 350.75  | Query error: A problem occurred while running your query                                                           |
| Select DistanceMins   From atlassourcexDR8photoobj as CrossMatch, (Select s.sourceid as id From atlassource as s  Where ra > 353.75  | Query error: A problem occurred while running your query                                                           |
| Select DistanceMins   From atlassourcexDR8photoobj as CrossMatch, (Select s.sourceid as id From atlassource as s  Where ra > 355.25  | Query error: A problem occurred while running your query                                                           |
| Select DistanceMins   From atlassourcexDR8photoobj as CrossMatch, (Select s.sourceid as id From atlassource as s  Where ra > 355.25  | Query error: A problem occurred while running your query                                                           |
| Select DistanceMins   From atlassourcexDR8photoobj as CrossMatch, (Select s.sourceid as id From atlassource as s  Where Upetromag >  | Query error: A problem occurred while running your query                                                           |
| select distinct ppErrBits from atlasDetection                                                                                        |                                                                                                                    |
| SELECT DISTINCT programmeID FROM ProgrammeFrame                                                                                      | Query error: A problem occurred while running your query                                                           |
| select s.sourceID,s.rPetroMag,s.rHlCorSMjRadAs,d.hlCircRadAs,d.hlSMjRadAs,rClass,mergedClass from atlasSource as s,atlasMergeLog as  |                                                                                                                    |
| Select T.gpetromag From atlassourcexDR8photoobj as CrossMatch, (Select s.sourceid as id, s.gpetromag as gpetromag From atlassource a |                                                                                                                    |
| Select T.gpetromag From atlassourcexDR8photoobj as CrossMatch, (Select s.sourceid as id, s.gpetromag as gpetromag From atlassource a | Query error: A problem occurred while running your query                                                           |
| Select T.ipetromag From atlassourcexDR8photoobj as CrossMatch, (Select s.sourceid as id, s.ipetromag as ipetromag From atlassource a | Query error: A problem occurred while running your query                                                           |
| Select T.ipetromag From atlassourcexDR8photoobj as CrossMatch, (Select s.sourceid as id, s.ipetromag as ipetromag From atlassource a | Query error: A problem occurred while running your query                                                           |
| Select T.rpetromag From atlassourcexDR8photoobj as CrossMatch, (Select s.sourceid as id, s.rpetromag as rpetromag From atlassource a | Query error: A problem occurred while running your query                                                           |
| Select T.rpetromag From atlassourcexDR8photoobj as CrossMatch, (Select s.sourceid as id, s.rpetromag as rpetromag From atlassource a | Query error: A problem occurred while running your query                                                           |
| Select T.upetromag From atlassourcexDR8photoobj as CrossMatch, (Select s.sourceid as id, s.upetromag as upetromag From atlassource a | Query error: A problem occurred while running your query                                                           |
| Select T.upetromag From atlassourcexDR8photoobj as CrossMatch, (Select s.sourceid as id, s.upetromag as upetromag From atlassource a | Query error: A problem occurred while running your query                                                           |
| Select T.zpetromag From atlassourcexDR8photoobj as CrossMatch, (Select s.sourceid as id, s.zpetromag as zpetromag From atlassource a | Query error: A problem occurred while running your query                                                           |
| Select T.zpetromag From atlassourcexDR8photoobj as CrossMatch, (Select s.sourceid as id, s.zpetromag as zpetromag From atlassource a | Query error: A problem occurred while running your query                                                           |
| select top 10 ra,dec from atlassource where uapermag3>0 and gapermag3 > 0 and Rapermag3 >0 and iapermag3 > 0 and zapermag3 >0        |                                                                                                                    |
| select top 100 ra,dec,gpetromag,rpetromag,ipetromag,zpetromag,gapermag4,rapermag4,iapermag4,zapermag4,mergedclass from atlasSource w |                                                                                                                    |
| select top 100 ra,dec,gpetromag,rpetromag,ipetromag,zpetromag,gapermag4,rapermag4,mergedclass from atlasSource where rpetromag>0 and |                                                                                                                    |
| select top 100 ra,dec,gpetromag,rpetromag,ipetromag,zpetromag,mergedclass from atlasSource where rpetromag>0 and rpetromag<22 and ra |                                                                                                                    |
| select top 1000 mergedClass,ra,dec,gmrPnt,gaperMag3,gaperMag3Err from atlasSource where gAperMag3>13. and gAperMag3<18. and rAperMag | Query error: A problem occurred while running your query                                                           |
| select top 10000 umgPnt, umgPnterr from atlasSource where uAperMag3 >0 and gAperMag3 >0 and uclass=-1 and gclass=-1  /*SELECT max(ml | Query error: A problem occurred while running your query                                                           |
| SELECT top 50 * FROM atlasSource WHERE (ra >= 4.2 and ra <= 31.8) AND (dec >= -39.3 and dec < -33.4) AND (mergedClass = -1) and (uAp |                                                                                                                    |
| select x,y from atlasDetection where ppErrBits & 0x00001000 != 0                                                                     |                                                                                                                    |
| SELECT  10 as idnum,sourceid, ra as radeg, dec as deddeg,upetromag, gpetromag, rpetromag, ipetromag,zpetromag, upetromagerr, gpetrom |                                                                                                                    |
| SELECT  105 as idnum,sourceid, ra as radeg, dec as deddeg,upetromag, gpetromag, rpetromag, ipetromag,zpetromag, upetromagerr, gpetro | Query error: A problem occurred while running your query                                                           |
| SELECT  130 as idnum,sourceid, ra as radeg, dec as deddeg,upetromag, gpetromag, rpetromag, ipetromag,zpetromag, upetromagerr, gpetro |                                                                                                                    |
+--------------------------------------------------------------------------------------------------------------------------------------+--------------------------------------------------------------------------------------------------------------------+
65 rows in set (0.01 sec)

mysql> SELECT SUBSTRING(query,1,132), queryidCtrl-C -- exit!here test_passed<=0 AND queryrunid LIKE '%-pnuSHiHTq-D7VH0EW4NLQ%'
Aborted
root@a6582f63af97:/# ^C
root@a6582f63af97:/# ^C
root@a6582f63af97:/# mysql
Welcome to the MySQL monitor.  Commands end with ; or \g.
Your MySQL connection id is 3985
Server version: 5.6.23 MySQL Community Server (GPL)

Copyright (c) 2000, 2015, Oracle and/or its affiliates. All rights reserved.

Oracle is a registered trademark of Oracle Corporation and/or its
affiliates. Other names may be trademarks of their respective
owners.

Type 'help;' or '\h' for help. Type '\c' to clear the current input statement.

mysql> USE pyrothorn_testing;
Reading table information for completion of table and column names
You can turn off this feature to get a quicker startup with -A

Database changed
mysql> SELECT TOP 10 queryid, query FROM queries where test_passed<0 ORDER BY queryid DESC'
    '> ;
    '> ;
    '> '
    -> 
    -> 
    -> 
    -> exit
    -> "\
    "> "
    -> ;
ERROR 1064 (42000): You have an error in your SQL syntax; check the manual that corresponds to your MySQL server version for the right syntax to use near '10 queryid, query FROM queries where test_passed<0 ORDER BY queryid DESC'
;
;
'
' at line 1
mysql> SELECT TOP 10 queryid, query FROM queries where test_passed<0 ORDER BY queryid DESC;
ERROR 1064 (42000): You have an error in your SQL syntax; check the manual that corresponds to your MySQL server version for the right syntax to use near '10 queryid, query FROM queries where test_passed<0 ORDER BY queryid DESC' at line 1
mysql> SELECT TOP 10 queryid, query FROM queries WHERE test_passed<0 ORDER BY queryid DESC;
ERROR 1064 (42000): You have an error in your SQL syntax; check the manual that corresponds to your MySQL server version for the right syntax to use near '10 queryid, query FROM queries WHERE test_passed<0 ORDER BY queryid DESC' at line 1
mysql> SELECT TOP 10 queryid, query FROM queries WHERE test_passed<0 ORDER BY queryid DESC;
ERROR 1064 (42000): You have an error in your SQL syntax; check the manual that corresponds to your MySQL server version for the right syntax to use near '10 queryid, query FROM queries WHERE test_passed<0 ORDER BY queryid DESC' at line 1
mysql> SELECT queryid, query FROM queries ORDER BY queryid DESC LIMIE 5;
ERROR 1064 (42000): You have an error in your SQL syntax; check the manual that corresponds to your MySQL server version for the right syntax to use near 'LIMIE 5' at line 1
mysql> SELECT queryid, query FROM queries ORDER BY queryid DESC LIMIT 5;
+---------+---------------------------------------------------------------------------------------------------------------------------------------------------------------------------------------------------------------------------------------------------------------------------------------------------------------------------------------------------------------------------------------------------------------------------------------------------------------------------------------------------------------------------------------------------------------------------------------------------------------------------------------------------------------------------------------------------------------------------------+
| queryid | query                                                                                                                                                                                                                                                                                                                                                                                                                                                                                                                                                                                                                                                                                                                           |
+---------+---------------------------------------------------------------------------------------------------------------------------------------------------------------------------------------------------------------------------------------------------------------------------------------------------------------------------------------------------------------------------------------------------------------------------------------------------------------------------------------------------------------------------------------------------------------------------------------------------------------------------------------------------------------------------------------------------------------------------------+
|    1605 | SELECT  208 as idnum,sourceid, ra as radeg, dec as deddeg,upetromag, gpetromag, rpetromag, ipetromag,zpetromag, upetromagerr, gpetromagerr, rpetromagerr, ipetromagerr,zpetromagerr,  au, ag, ar, ai, az,2*DEGREES(ASIN(sqrt(power(0.825299723939562-cx,2)+power(0.3087920303521465-cy,2)+power(-0.47278731757131764-cz,2))/2))*60 as dist  FROM ATLASsource WHERE dec > -28.915379999999995 and dec < -27.515379999999997 and RA >= 19.714028095393196 and RA <= 21.313391904606803 and ((cx * 0.825299723939562 + cy * 0.3087920303521465 + cz * -0.47278731757131764 ) >= 0.999925369660452)  and (priorsec=0 or priorsec=framesetid) and gpetromag >0 and rpetromag >0 and ipetromag>0 and zpetromag >0 and mergedclass = 1 |
|    1604 | SELECT  207 as idnum,sourceid, ra as radeg, dec as deddeg,upetromag, gpetromag, rpetromag, ipetromag,zpetromag, upetromagerr, gpetromagerr, rpetromagerr, ipetromagerr,zpetromagerr,  au, ag, ar, ai, az,2*DEGREES(ASIN(sqrt(power(0.8243502761754014-cx,2)+power(0.3107037941740074-cy,2)+power(-0.4731910549190627-cz,2))/2))*60 as dist  FROM ATLASsource WHERE dec > -28.941634999999994 and dec < -27.541634999999996 and RA >= 19.851917570594075 and RA <= 21.451686429405925 and ((cx * 0.8243502761754014 + cy * 0.3107037941740074 + cz * -0.4731910549190627 ) >= 0.999925369660452)  and (priorsec=0 or priorsec=framesetid) and gpetromag >0 and rpetromag >0 and ipetromag>0 and zpetromag >0 and mergedclass = 1 |
|    1603 | SELECT  207 as idnum,sourceid, ra as radeg, dec as deddeg,upetromag, gpetromag, rpetromag, ipetromag,zpetromag, upetromagerr, gpetromagerr, rpetromagerr, ipetromagerr,zpetromagerr,  au, ag, ar, ai, az,2*DEGREES(ASIN(sqrt(power(0.8221888662797129-cx,2)+power(0.3094922286508834-cy,2)+power(-0.47772379945988647-cz,2))/2))*60 as dist  FROM ATLASsource WHERE dec > -29.236845 and dec < -27.836844999999997 and RA >= 19.825398693973284 and RA <= 21.429759306026718 and ((cx * 0.8221888662797129 + cy * 0.3094922286508834 + cz * -0.47772379945988647 ) >= 0.999925369660452)  and (priorsec=0 or priorsec=framesetid) and gpetromag >0 and rpetromag >0 and ipetromag>0 and zpetromag >0                            |
|    1602 | SELECT  206 as idnum,sourceid, ra as radeg, dec as deddeg,upetromag, gpetromag, rpetromag, ipetromag,zpetromag, upetromagerr, gpetromagerr, rpetromagerr, ipetromagerr,zpetromagerr,  au, ag, ar, ai, az,2*DEGREES(ASIN(sqrt(power(0.8845884106804739-cx,2)+power(0.18543877350476393-cy,2)+power(-0.4279203254939432-cz,2))/2))*60 as dist  FROM ATLASsource WHERE dec > -26.035651 and dec < -24.635651 and RA >= 11.060580311300173 and RA <= 12.61867768869983 and ((cx * 0.8845884106804739 + cy * 0.18543877350476393 + cz * -0.4279203254939432 ) >= 0.999925369660452)  and (priorsec=0 or priorsec=framesetid) and gpetromag >0 and rpetromag >0 and ipetromag>0 and zpetromag >0 and mergedclass = 1                  |
|    1601 | SELECT  206 as idnum,sourceid, ra as radeg, dec as deddeg,upetromag, gpetromag, rpetromag, ipetromag,zpetromag, upetromagerr, gpetromagerr, rpetromagerr, ipetromagerr,zpetromagerr,  au, ag, ar, ai, az,2*DEGREES(ASIN(sqrt(power(0.825299723939562-cx,2)+power(0.3087920303521465-cy,2)+power(-0.47278731757131764-cz,2))/2))*60 as dist  FROM ATLASsource WHERE dec > -28.915379999999995 and dec < -27.515379999999997 and RA >= 19.714028095393196 and RA <= 21.313391904606803 and ((cx * 0.825299723939562 + cy * 0.3087920303521465 + cz * -0.47278731757131764 ) >= 0.999925369660452)  and (priorsec=0 or priorsec=framesetid) and gpetromag >0 and rpetromag >0 and ipetromag>0 and zpetromag >0                     |
+---------+---------------------------------------------------------------------------------------------------------------------------------------------------------------------------------------------------------------------------------------------------------------------------------------------------------------------------------------------------------------------------------------------------------------------------------------------------------------------------------------------------------------------------------------------------------------------------------------------------------------------------------------------------------------------------------------------------------------------------------+
5 rows in set (0.00 sec)

mysql> SELECT queryid, query,queryrunid FROM queries ORDER BY queryid DESC LIMIT 5;
+---------+---------------------------------------------------------------------------------------------------------------------------------------------------------------------------------------------------------------------------------------------------------------------------------------------------------------------------------------------------------------------------------------------------------------------------------------------------------------------------------------------------------------------------------------------------------------------------------------------------------------------------------------------------------------------------------------------------------------------------------+------------------------+
| queryid | query                                                                                                                                                                                                                                                                                                                                                                                                                                                                                                                                                                                                                                                                                                                           | queryrunid             |
+---------+---------------------------------------------------------------------------------------------------------------------------------------------------------------------------------------------------------------------------------------------------------------------------------------------------------------------------------------------------------------------------------------------------------------------------------------------------------------------------------------------------------------------------------------------------------------------------------------------------------------------------------------------------------------------------------------------------------------------------------+------------------------+
|    1605 | SELECT  208 as idnum,sourceid, ra as radeg, dec as deddeg,upetromag, gpetromag, rpetromag, ipetromag,zpetromag, upetromagerr, gpetromagerr, rpetromagerr, ipetromagerr,zpetromagerr,  au, ag, ar, ai, az,2*DEGREES(ASIN(sqrt(power(0.825299723939562-cx,2)+power(0.3087920303521465-cy,2)+power(-0.47278731757131764-cz,2))/2))*60 as dist  FROM ATLASsource WHERE dec > -28.915379999999995 and dec < -27.515379999999997 and RA >= 19.714028095393196 and RA <= 21.313391904606803 and ((cx * 0.825299723939562 + cy * 0.3087920303521465 + cz * -0.47278731757131764 ) >= 0.999925369660452)  and (priorsec=0 or priorsec=framesetid) and gpetromag >0 and rpetromag >0 and ipetromag>0 and zpetromag >0 and mergedclass = 1 | -pnuSHiHTq-D7VH0EW4NLQ |
|    1604 | SELECT  207 as idnum,sourceid, ra as radeg, dec as deddeg,upetromag, gpetromag, rpetromag, ipetromag,zpetromag, upetromagerr, gpetromagerr, rpetromagerr, ipetromagerr,zpetromagerr,  au, ag, ar, ai, az,2*DEGREES(ASIN(sqrt(power(0.8243502761754014-cx,2)+power(0.3107037941740074-cy,2)+power(-0.4731910549190627-cz,2))/2))*60 as dist  FROM ATLASsource WHERE dec > -28.941634999999994 and dec < -27.541634999999996 and RA >= 19.851917570594075 and RA <= 21.451686429405925 and ((cx * 0.8243502761754014 + cy * 0.3107037941740074 + cz * -0.4731910549190627 ) >= 0.999925369660452)  and (priorsec=0 or priorsec=framesetid) and gpetromag >0 and rpetromag >0 and ipetromag>0 and zpetromag >0 and mergedclass = 1 | -pnuSHiHTq-D7VH0EW4NLQ |
|    1603 | SELECT  207 as idnum,sourceid, ra as radeg, dec as deddeg,upetromag, gpetromag, rpetromag, ipetromag,zpetromag, upetromagerr, gpetromagerr, rpetromagerr, ipetromagerr,zpetromagerr,  au, ag, ar, ai, az,2*DEGREES(ASIN(sqrt(power(0.8221888662797129-cx,2)+power(0.3094922286508834-cy,2)+power(-0.47772379945988647-cz,2))/2))*60 as dist  FROM ATLASsource WHERE dec > -29.236845 and dec < -27.836844999999997 and RA >= 19.825398693973284 and RA <= 21.429759306026718 and ((cx * 0.8221888662797129 + cy * 0.3094922286508834 + cz * -0.47772379945988647 ) >= 0.999925369660452)  and (priorsec=0 or priorsec=framesetid) and gpetromag >0 and rpetromag >0 and ipetromag>0 and zpetromag >0                            | -pnuSHiHTq-D7VH0EW4NLQ |
|    1602 | SELECT  206 as idnum,sourceid, ra as radeg, dec as deddeg,upetromag, gpetromag, rpetromag, ipetromag,zpetromag, upetromagerr, gpetromagerr, rpetromagerr, ipetromagerr,zpetromagerr,  au, ag, ar, ai, az,2*DEGREES(ASIN(sqrt(power(0.8845884106804739-cx,2)+power(0.18543877350476393-cy,2)+power(-0.4279203254939432-cz,2))/2))*60 as dist  FROM ATLASsource WHERE dec > -26.035651 and dec < -24.635651 and RA >= 11.060580311300173 and RA <= 12.61867768869983 and ((cx * 0.8845884106804739 + cy * 0.18543877350476393 + cz * -0.4279203254939432 ) >= 0.999925369660452)  and (priorsec=0 or priorsec=framesetid) and gpetromag >0 and rpetromag >0 and ipetromag>0 and zpetromag >0 and mergedclass = 1                  | -pnuSHiHTq-D7VH0EW4NLQ |
|    1601 | SELECT  206 as idnum,sourceid, ra as radeg, dec as deddeg,upetromag, gpetromag, rpetromag, ipetromag,zpetromag, upetromagerr, gpetromagerr, rpetromagerr, ipetromagerr,zpetromagerr,  au, ag, ar, ai, az,2*DEGREES(ASIN(sqrt(power(0.825299723939562-cx,2)+power(0.3087920303521465-cy,2)+power(-0.47278731757131764-cz,2))/2))*60 as dist  FROM ATLASsource WHERE dec > -28.915379999999995 and dec < -27.515379999999997 and RA >= 19.714028095393196 and RA <= 21.313391904606803 and ((cx * 0.825299723939562 + cy * 0.3087920303521465 + cz * -0.47278731757131764 ) >= 0.999925369660452)  and (priorsec=0 or priorsec=framesetid) and gpetromag >0 and rpetromag >0 and ipetromag>0 and zpetromag >0                     | -pnuSHiHTq-D7VH0EW4NLQ |
+---------+---------------------------------------------------------------------------------------------------------------------------------------------------------------------------------------------------------------------------------------------------------------------------------------------------------------------------------------------------------------------------------------------------------------------------------------------------------------------------------------------------------------------------------------------------------------------------------------------------------------------------------------------------------------------------------------------------------------------------------+------------------------+
5 rows in set (0.00 sec)

mysql> SELECT SUBSTRING(query,1,132), queryid FROM queries where test_passed<=0 AND queryrunid LIKE '%-pnuSHiHTq-D7VH0EW4NLQ%'
    -> ;
+--------------------------------------------------------------------------------------------------------------------------------------+---------+
| SUBSTRING(query,1,132)                                                                                                               | queryid |
+--------------------------------------------------------------------------------------------------------------------------------------+---------+
| select m.multiframeid,sum(tablerows) from Multiframe as m, MultiframeDetector as mfd where m.multiframeID=mfd.multiframeID and proje |     810 |
| select   s.ra as raDeg,s.dec as decDeg,gAperMag3,rAperMag3,x,y,s.framesetid from atlasSource as s, atlasMergeLog as l, atlasDetectio |     811 |
| SELECT     neighbours.distanceMins FROM     atlassourcexDR8photoobj AS neighbours,     (     SELECT TOP 10         sourceId AS ident |     815 |
| SELECT     neighbours.distanceMins FROM     atlassourcexDR8photoobj AS neighbours,     (     SELECT TOP 1000         sourceId AS ide |     816 |
| select   count(*) from atlasSource as s, atlasMergeLog as l where (priOrSec=0 or priorsec=s.framesetid) and l.frameSetID=s.frameSetI |     817 |
| SELECT COUNT(sourceID)  FROM atlasSource WHERE (ra >= 12.9 and ra < 21.1) AND (dec >= -39.3 and dec <= -22.7) AND (mergedClass = -1) |    1013 |
| SELECT COUNT(sourceID)  FROM atlasSource WHERE (ra >= 13.4 and ra < 22.6) AND (dec >= -39.3 and dec <= -22.7) AND (mergedClass = -1) |    1015 |
| SELECT COUNT(sourceID)  FROM atlasSource WHERE (ra >= 22.6 and ra <= 31.8) AND (dec >= -39.3 and dec <= -22.7) AND (mergedClass = -1 |    1017 |
| SELECT COUNT(sourceID)  FROM atlasSource WHERE (ra >= 4.2 and ra < 12.4) AND (dec >= -39.3 and dec <= -22.7) AND (mergedClass = -1)  |    1018 |
| SELECT COUNT(sourceID)  FROM atlasSource WHERE (ra >= 4.2 and ra < 13.4) AND (dec >= -39.3 and dec < -33.8) AND (mergedClass = -1)   |    1020 |
| SELECT COUNT(sourceID)  FROM atlasSource WHERE (ra >= 4.2 and ra <= 31.8) AND (dec >= -28.3 and dec <= -22.7) AND (mergedClass = -1) |    1022 |
| SELECT COUNT(sourceID)  FROM atlasSource WHERE (ra >= 4.2 and ra <= 31.8) AND (dec >= -29.0 and dec <= -22.7) AND (mergedClass = -1) |    1023 |
| SELECT COUNT(sourceID)  FROM atlasSource WHERE (ra >= 4.2 and ra <= 31.8) AND (dec >= -29.1 and dec <= -22.7) AND (mergedClass = -1) |    1024 |
| SELECT COUNT(sourceID)  FROM atlasSource WHERE (ra >= 4.2 and ra <= 31.8) AND (dec >= -29.1 and dec <= -22.7) AND (mergedClass = -1) |    1025 |
| SELECT COUNT(sourceID)  FROM atlasSource WHERE (ra >= 4.2 and ra <= 31.8) AND (dec >= -29.6 and dec <= -22.7) AND (mergedClass = -1) |    1026 |
| SELECT COUNT(sourceID)  FROM atlasSource WHERE (ra >= 4.2 and ra <= 31.8) AND (dec >= -33.4 and dec < -26.4) AND (mergedClass = -1)  |    1027 |
| SELECT COUNT(sourceID)  FROM atlasSource WHERE (ra >= 4.2 and ra <= 31.8) AND (dec >= -33.4 and dec < -29.0) AND (mergedClass = -1)  |    1029 |
| SELECT COUNT(sourceID)  FROM atlasSource WHERE (ra >= 4.2 and ra <= 31.8) AND (dec >= -33.4 and dec < -29.1) AND (mergedClass = -1)  |    1030 |
| SELECT COUNT(sourceID)  FROM atlasSource WHERE (ra >= 4.2 and ra <= 31.8) AND (dec >= -39.3 and dec < -29.0) AND (mergedClass = -1)  |    1034 |
| SELECT COUNT(sourceID)  FROM atlasSource WHERE (ra >= 4.2 and ra <= 31.8) AND (dec >= -39.3 and dec < -29.7) AND (mergedClass = -1)  |    1037 |
| SELECT COUNT(sourceID)  FROM atlasSource WHERE (ra >= 4.2 and ra <= 31.8) AND (dec >= -39.3 and dec < -30.25) AND (mergedClass = -1) |    1040 |
| SELECT COUNT(sourceID)  FROM atlasSource WHERE (ra >= 4.2 and ra <= 31.8) AND (dec >= -39.3 and dec < -30.31) AND (mergedClass = -1) |    1042 |
| SELECT COUNT(sourceID)  FROM atlasSource WHERE (ra >= 4.2 and ra <= 31.8) AND (dec >= -39.3 and dec < -32.5) AND (mergedClass = -1)  |    1043 |
| SELECT COUNT(sourceID)  FROM atlasSource WHERE (ra >= 4.2 and ra <= 31.8) AND (dec >= -39.3 and dec < -33.4) AND (mergedClass = -1)  |    1045 |
| SELECT COUNT(sourceID)  FROM atlasSource WHERE (ra >= 4.2 and ra <= 31.8) AND (dec >= -39.3 and dec < -33.4) AND (mergedClass = -1)  |    1046 |
| SELECT COUNT(sourceID)  FROM atlasSource WHERE (ra >= 4.2 and ra <= 31.8) AND (dec >= -39.3 and dec < -33.4) AND (mergedClass = -1)  |    1047 |
| SELECT COUNT(sourceID)  FROM atlasSource WHERE (ra >= 4.2 and ra <= 31.8) AND (dec >= -39.3 and dec < -33.5) AND (mergedClass = -1)  |    1050 |
| SELECT COUNT(sourceID) FROM atlasSource WHERE (ra >= 4.2 and ra <= 31.8) AND (dec >= -39.3 and dec < -33.4) AND (mergedClass = -1) a |    1056 |
| Select DistanceMins   From atlassourcexDR8photoobj as CrossMatch, (Select s.sourceid as id From atlassource as s  Where ra > 0 AND r |    1063 |
| Select DistanceMins   From atlassourcexDR8photoobj as CrossMatch, (Select s.sourceid as id From atlassource as s  Where ra > 0 AND r |    1064 |
| Select DistanceMins   From atlassourcexDR8photoobj as CrossMatch, (Select s.sourceid as id From atlassource as s  Where ra > 0 AND r |    1065 |
| Select DistanceMins   From atlassourcexDR8photoobj as CrossMatch, (Select s.sourceid as id From atlassource as s  Where ra > 0 AND r |    1066 |
| Select DistanceMins   From atlassourcexDR8photoobj as CrossMatch, (Select s.sourceid as id From atlassource as s  Where ra > 0 AND r |    1067 |
| Select DistanceMins   From atlassourcexDR8photoobj as CrossMatch, (Select s.sourceid as id From atlassource as s  Where ra > 0 AND r |    1068 |
| Select DistanceMins   From atlassourcexDR8photoobj as CrossMatch, (Select s.sourceid as id From atlassource as s  Where ra > 0 AND r |    1069 |
| Select DistanceMins   From atlassourcexDR8photoobj as CrossMatch, (Select s.sourceid as id From atlassource as s  Where ra > 350.75  |    1070 |
| Select DistanceMins   From atlassourcexDR8photoobj as CrossMatch, (Select s.sourceid as id From atlassource as s  Where ra > 350.75  |    1071 |
| Select DistanceMins   From atlassourcexDR8photoobj as CrossMatch, (Select s.sourceid as id From atlassource as s  Where ra > 353.75  |    1072 |
| Select DistanceMins   From atlassourcexDR8photoobj as CrossMatch, (Select s.sourceid as id From atlassource as s  Where ra > 355.25  |    1073 |
| Select DistanceMins   From atlassourcexDR8photoobj as CrossMatch, (Select s.sourceid as id From atlassource as s  Where ra > 355.25  |    1074 |
| Select DistanceMins   From atlassourcexDR8photoobj as CrossMatch, (Select s.sourceid as id From atlassource as s  Where Upetromag >  |    1075 |
| select distinct ppErrBits from atlasDetection                                                                                        |    1085 |
| SELECT DISTINCT programmeID FROM ProgrammeFrame                                                                                      |    1086 |
| select s.sourceID,s.rPetroMag,s.rHlCorSMjRadAs,d.hlCircRadAs,d.hlSMjRadAs,rClass,mergedClass from atlasSource as s,atlasMergeLog as  |    1212 |
| Select T.gpetromag From atlassourcexDR8photoobj as CrossMatch, (Select s.sourceid as id, s.gpetromag as gpetromag From atlassource a |    1220 |
| Select T.gpetromag From atlassourcexDR8photoobj as CrossMatch, (Select s.sourceid as id, s.gpetromag as gpetromag From atlassource a |    1221 |
| Select T.ipetromag From atlassourcexDR8photoobj as CrossMatch, (Select s.sourceid as id, s.ipetromag as ipetromag From atlassource a |    1222 |
| Select T.ipetromag From atlassourcexDR8photoobj as CrossMatch, (Select s.sourceid as id, s.ipetromag as ipetromag From atlassource a |    1223 |
| Select T.rpetromag From atlassourcexDR8photoobj as CrossMatch, (Select s.sourceid as id, s.rpetromag as rpetromag From atlassource a |    1224 |
| Select T.rpetromag From atlassourcexDR8photoobj as CrossMatch, (Select s.sourceid as id, s.rpetromag as rpetromag From atlassource a |    1225 |
| Select T.upetromag From atlassourcexDR8photoobj as CrossMatch, (Select s.sourceid as id, s.upetromag as upetromag From atlassource a |    1226 |
| Select T.upetromag From atlassourcexDR8photoobj as CrossMatch, (Select s.sourceid as id, s.upetromag as upetromag From atlassource a |    1227 |
| Select T.zpetromag From atlassourcexDR8photoobj as CrossMatch, (Select s.sourceid as id, s.zpetromag as zpetromag From atlassource a |    1228 |
| Select T.zpetromag From atlassourcexDR8photoobj as CrossMatch, (Select s.sourceid as id, s.zpetromag as zpetromag From atlassource a |    1229 |
| select top 10 ra,dec from atlassource where uapermag3>0 and gapermag3 > 0 and Rapermag3 >0 and iapermag3 > 0 and zapermag3 >0        |    1266 |
| select top 100 ra,dec,gpetromag,rpetromag,ipetromag,zpetromag,gapermag4,rapermag4,iapermag4,zapermag4,mergedclass from atlasSource w |    1282 |
| select top 100 ra,dec,gpetromag,rpetromag,ipetromag,zpetromag,gapermag4,rapermag4,mergedclass from atlasSource where rpetromag>0 and |    1283 |
| select top 100 ra,dec,gpetromag,rpetromag,ipetromag,zpetromag,mergedclass from atlasSource where rpetromag>0 and rpetromag<22 and ra |    1284 |
| select top 1000 mergedClass,ra,dec,gmrPnt,gaperMag3,gaperMag3Err from atlasSource where gAperMag3>13. and gAperMag3<18. and rAperMag |    1292 |
| select top 10000 umgPnt, umgPnterr from atlasSource where uAperMag3 >0 and gAperMag3 >0 and uclass=-1 and gclass=-1  /*SELECT max(ml |    1299 |
| SELECT top 50 * FROM atlasSource WHERE (ra >= 4.2 and ra <= 31.8) AND (dec >= -39.3 and dec < -33.4) AND (mergedClass = -1) and (uAp |    1314 |
| select x,y from atlasDetection where ppErrBits & 0x00001000 != 0                                                                     |    1330 |
| SELECT  10 as idnum,sourceid, ra as radeg, dec as deddeg,upetromag, gpetromag, rpetromag, ipetromag,zpetromag, upetromagerr, gpetrom |    1333 |
| SELECT  105 as idnum,sourceid, ra as radeg, dec as deddeg,upetromag, gpetromag, rpetromag, ipetromag,zpetromag, upetromagerr, gpetro |    1347 |
| SELECT  130 as idnum,sourceid, ra as radeg, dec as deddeg,upetromag, gpetromag, rpetromag, ipetromag,zpetromag, upetromagerr, gpetro |    1412 |
+--------------------------------------------------------------------------------------------------------------------------------------+---------+
65 rows in set (0.00 sec)

